BL51 BANKED LINKER/LOCATER V6.22.4.0                                                    08/09/2023  13:38:59  PAGE 1


BL51 BANKED LINKER/LOCATER V6.22.4.0, INVOKED BY:
C:\KEIL_V5\C51\BIN\BL51.EXE main.obj TO test RAMSIZE (256)


INPUT MODULES INCLUDED:
  main.obj (MAIN)


LINK MAP OF MODULE:  test (MAIN)


            TYPE    BASE      LENGTH    RELOCATION   SEGMENT NAME
            -----------------------------------------------------

            * * * * * * *   D A T A   M E M O R Y   * * * * * * *
            REG     0000H     0008H     ABSOLUTE     "REG BANK 0"

            * * * * * * *   C O D E   M E M O R Y   * * * * * * *
            CODE    0000H     0031H     ABSOLUTE     



SYMBOL TABLE OF MODULE:  test (MAIN)

  VALUE           TYPE          NAME
  ----------------------------------

  -------         MODULE        MAIN
  D:00F0H         SYMBOL        B
  C:0005H         SYMBOL        MAIN
  C:0013H         SYMBOL        ON
  D:0090H         SYMBOL        P1
  D:00A0H         SYMBOL        P2
  D:00B0H         SYMBOL        P3
  C:0003H         SYMBOL        RESET
  C:0026H         SYMBOL        SODEC
  C:000AH         SYMBOL        WAIL
  C:0000H         LINE#         3
  C:0003H         LINE#         5
  C:0005H         LINE#         7
  C:0008H         LINE#         8
  C:000AH         LINE#         10
  C:000CH         LINE#         11
  C:000EH         LINE#         12
  C:0011H         LINE#         13
  C:0013H         LINE#         15
  C:0014H         LINE#         16
  C:0017H         LINE#         17
  C:0018H         LINE#         18
  C:0019H         LINE#         19
  C:001BH         LINE#         20
  C:001DH         LINE#         21
  C:001EH         LINE#         22
  C:0020H         LINE#         23
  C:0021H         LINE#         24
  C:0024H         LINE#         25
  -------         ENDMOD        MAIN

BL51 BANKED LINKER/LOCATER V6.22.4.0                                                  08/09/2023  13:38:59  PAGE 2


Program Size: data=8.0 xdata=0 code=49
LINK/LOCATE RUN COMPLETE.  0 WARNING(S),  0 ERROR(S)
